// Jest Snapshot v1, https://goo.gl/fbAQLP

exports[`Test GifGrid.test.js Should be show the Component Correctly 1`] = `
<Fragment>
  <h3>
    Naruto
  </h3>
  <p
    className=" animate__animated animate__flash "
  >
    Loading..
  </p>
  <div
    className="card-grid"
  />
</Fragment>
`;
